../Core/Src/ds18b20.c:29:9:DS18B20_Start	16	static
../Core/Src/ds18b20.c:47:6:DS18B20_StartAll	8	static
../Core/Src/ds18b20.c:57:9:DS18B20_Read	48	static
../Core/Src/ds18b20.c:122:9:DS18B20_GetResolution	24	static
../Core/Src/ds18b20.c:149:9:DS18B20_SetResolution	24	static
../Core/Src/ds18b20.c:205:9:DS18B20_Is	16	static
../Core/Src/ds18b20.c:212:9:DS18B20_AllDone	8	static
../Core/Src/ds18b20.c:217:6:DS18B20_ReadAll	24	static
../Core/Src/ds18b20.c:235:6:DS18B20_GetROM	24	static
../Core/Src/ds18b20.c:246:6:DS18B20_WriteROM	24	static
../Core/Src/ds18b20.c:257:9:DS18B20_Quantity	4	static
../Core/Src/ds18b20.c:262:9:DS18B20_GetTemperature	16	static
../Core/Src/ds18b20.c:272:6:DS18B20_Init	24	static
