../Core/Src/main.c:305:13:MX_NVIC_Init	8	static
../Core/Src/main.c:316:6:HAL_UART_RxCpltCallback	8	static
../Core/Src/main.c:336:6:HAL_UART_TxCpltCallback	0	static
../Core/Src/main.c:341:6:HAL_TIM_PeriodElapsedCallback	72	static
../Core/Src/main.c:381:6:CommStateMachineTask	40	static
../Core/Src/main.c:661:6:CDC_ReveiveCallback	24	static
../Core/Src/main.c:691:6:Error_Handler	0	static,ignoring_inline_asm
../Core/Src/main.c:258:6:SystemClock_Config	88	static
../Core/Src/main.c:118:5:main	24	static
