../Core/Src/main.c:304:13:MX_NVIC_Init	8	static
../Core/Src/main.c:315:6:HAL_UART_RxCpltCallback	8	static
../Core/Src/main.c:335:6:HAL_UART_TxCpltCallback	0	static
../Core/Src/main.c:340:6:HAL_TIM_PeriodElapsedCallback	72	static
../Core/Src/main.c:380:6:CommStateMachineTask	40	static
../Core/Src/main.c:660:6:CDC_ReveiveCallback	24	static
../Core/Src/main.c:690:6:Error_Handler	0	static,ignoring_inline_asm
../Core/Src/main.c:257:6:SystemClock_Config	88	static
../Core/Src/main.c:118:5:main	24	static
